src/app/api/mcp/route.ts(1,27): error TS2307: Cannot find module '@modelcontextprotocol/sdk/server/mcp' or its corresponding type declarations.
src/app/api/mcp/route.ts(2,58): error TS2307: Cannot find module '@modelcontextprotocol/sdk/server/webStandardStreamableHttp' or its corresponding type declarations.
